===========================================
E1M1
===========================================

Time: 1:04 (par: 0:30)

Player 1 (Green):
	Kills: 6 / 6 (100%)
	Items: 7 / 15 (46%)
	Secrets: 2 / 3 (66%)

===========================================
E1M2
===========================================

Time: 3:34 (par: 1:15)

Player 1 (Green):
	Kills: 38 / 41 (92%)
	Items: 17 / 22 (77%)
	Secrets: 6 / 6 (100%)

