===========================================
E1M1 / MAP01
===========================================

Time: 2:15 (par: 0:30)

Player 1 (Green):
	Kills: 29 / 29 (100%)
	Items: 6 / 16 (37%)
	Secrets: 2 / 3 (66%)

