===========================================
E1M3
===========================================

Time: 2:50 (par: 2:00)

Player 1 (Green):
	Kills: 56 / 78 (71%)
	Items: 9 / 39 (23%)
	Secrets: 1 / 7 (14%)

===========================================
E1M4
===========================================

Time: 2:41 (par: 1:30)

Player 1 (Green):
	Kills: 53 / 57 (92%)
	Items: 10 / 25 (40%)
	Secrets: 1 / 4 (25%)

