===========================================
E1M4
===========================================

Time: 2:38 (par: 1:30)

Player 1 (Green):
	Kills: 22 / 25 (88%)
	Items: 14 / 25 (56%)
	Secrets: 4 / 4 (100%)

===========================================
E1M5
===========================================

Time: 2:59 (par: 2:45)

Player 1 (Green):
	Kills: 22 / 24 (91%)
	Items: 11 / 14 (78%)
	Secrets: 8 / 9 (88%)

