===========================================
E1M6
===========================================

Time: 3:40 (par: 3:00)

Player 1 (Green):
	Kills: 34 / 37 (91%)
	Items: 17 / 23 (73%)
	Secrets: 3 / 3 (100%)

===========================================
E1M7
===========================================

Time: 4:03 (par: 3:00)

Player 1 (Green):
	Kills: 27 / 32 (84%)
	Items: 20 / 38 (52%)
	Secrets: 2 / 3 (66%)

