===========================================
E1M9
===========================================

Time: 3:13 (par: 2:45)

Player 1 (Green):
	Kills: 38 / 42 (90%)
	Items: 5 / 22 (22%)
	Secrets: 1 / 2 (50%)

